C51 COMPILER V9.54   BSP_PRINF                                                             07/16/2015 10:44:16 PAGE 1   


C51 COMPILER V9.54, COMPILATION OF MODULE BSP_PRINF
OBJECT MODULE PLACED IN .\Objects\bsp_prinf.obj
COMPILER INVOKED BY: D:\Keil_v5\C51\BIN\C51.EXE bsp_prinf.c OPTIMIZE(8,SPEED) BROWSE DEBUG OBJECTEXTEND PRINT(.\Listings
                    -\bsp_prinf.lst) OBJECT(.\Objects\bsp_prinf.obj)

line level    source

   1          // 重定义 putchar 函数， 这样可以使用printf函数从串口打印输出
   2          #include "uart.h"
   3          char putchar(char c) {
   4   1              UART_SendByte(c);
   5   1              return c;
   6   1      }
   7          
   8          // 重定义C库中的 getchar 函数,这样可以使用scanff函数从串口输入数据
   9          char getchar() {
  10   1              return UART_GetByte();
  11   1      }


MODULE INFORMATION:   STATIC OVERLAYABLE
   CODE SIZE        =     12    ----
   CONSTANT SIZE    =   ----    ----
   XDATA SIZE       =   ----    ----
   PDATA SIZE       =   ----    ----
   DATA SIZE        =   ----       1
   IDATA SIZE       =   ----    ----
   BIT SIZE         =   ----    ----
END OF MODULE INFORMATION.


C51 COMPILATION COMPLETE.  0 WARNING(S),  0 ERROR(S)
