C51 COMPILER V9.54   DELAY                                                                 07/21/2015 17:19:02 PAGE 1   


C51 COMPILER V9.54, COMPILATION OF MODULE DELAY
OBJECT MODULE PLACED IN .\Objects\delay.obj
COMPILER INVOKED BY: D:\Keil_v5\C51\BIN\C51.EXE delay.c OPTIMIZE(8,SPEED) BROWSE DEBUG OBJECTEXTEND PRINT(.\Listings\del
                    -ay.lst) OBJECT(.\Objects\delay.obj)

line level    source

   1          /*
   2                  延时程序
   3          */
   4          
   5          #include "delay.h"
   6          
   7          /*
   8                  Func: 延时 t * 2 + 5 uS
   9          */
  10          void DelayUs2x(unsigned char t) {   
  11   1              while(--t);
  12   1      }
  13          
  14          
  15          /*
  16                  Func: 大致延时1 ms
  17          */
  18          void DelayMs(unsigned char t) {
  19   1              while(t--) {
  20   2                      DelayUs2x(245);
  21   2                      DelayUs2x(245);
  22   2              }
  23   1      }


MODULE INFORMATION:   STATIC OVERLAYABLE
   CODE SIZE        =     24    ----
   CONSTANT SIZE    =   ----    ----
   XDATA SIZE       =   ----    ----
   PDATA SIZE       =   ----    ----
   DATA SIZE        =   ----    ----
   IDATA SIZE       =   ----    ----
   BIT SIZE         =   ----    ----
END OF MODULE INFORMATION.


C51 COMPILATION COMPLETE.  0 WARNING(S),  0 ERROR(S)
